"status","file","url","error"
"downloaded","prod_146_1620-111-b.jpg","https://lufly.tr/wp-content/uploads/2023/10/1620-111-b.jpg",""
"downloaded","prod_156_1620-111-a-2.jpg","https://lufly.tr/wp-content/uploads/2023/10/1620-111-a-2.jpg",""
"downloaded","prod_167_1650-081-a.jpg","https://lufly.tr/wp-content/uploads/2023/10/1650-081-a.jpg",""
"downloaded","prod_204_1610-242-a.jpg","https://lufly.tr/wp-content/uploads/2023/10/1610-242-a.jpg",""
"downloaded","prod_268_1695-209-bdrawing.jpg","https://lufly.tr/wp-content/uploads/2023/10/1695-209-bdrawing.jpg",""
"downloaded","prod_269_1695-209-drawing-1.jpg","https://lufly.tr/wp-content/uploads/2023/10/1695-209-drawing-1.jpg",""
"downloaded","prod_270_1695-209-drawing.jpg","https://lufly.tr/wp-content/uploads/2023/10/1695-209-drawing.jpg",""
"downloaded","prod_2028_1610-242-b.jpg","https://lufly.tr/wp-content/uploads/2023/10/1610-242-b.jpg",""
"downloaded","prod_2050_1690-000-Drawing.jpg","https://lufly.tr/wp-content/uploads/2024/11/1690-000-Drawing.jpg",""
"downloaded","prod_2054_1660-140-Drawing.jpg","https://lufly.tr/wp-content/uploads/2024/11/1660-140-Drawing.jpg",""
"downloaded","prod_2059_1685-242-b.jpg","https://lufly.tr/wp-content/uploads/2024/11/1685-242-b.jpg",""
"downloaded","prod_2059_1685-242-c.jpg","https://lufly.tr/wp-content/uploads/2024/11/1685-242-c.jpg",""
"downloaded","prod_2059_1685-242-d.jpg","https://lufly.tr/wp-content/uploads/2024/11/1685-242-d.jpg",""
"downloaded","prod_2059_1685-242-e.jpg","https://lufly.tr/wp-content/uploads/2024/11/1685-242-e.jpg",""
"downloaded","prod_2068_1685-111-b.jpg","https://lufly.tr/wp-content/uploads/2024/11/1685-111-b.jpg",""
"downloaded","prod_2068_1685-111-c.jpg","https://lufly.tr/wp-content/uploads/2024/11/1685-111-c.jpg",""
"downloaded","prod_2074_1685-081-b.jpg","https://lufly.tr/wp-content/uploads/2024/11/1685-081-b.jpg",""
"downloaded","prod_2079_1685-140-b.jpg","https://lufly.tr/wp-content/uploads/2024/11/1685-140-b.jpg",""
"downloaded","prod_2079_1685-140-c.jpg","https://lufly.tr/wp-content/uploads/2024/11/1685-140-c.jpg",""
"downloaded","prod_2084_1685-204-a.jpg","https://lufly.tr/wp-content/uploads/2024/11/1685-204-a.jpg",""
"downloaded","prod_2109_1654-001-drawing.jpg","https://lufly.tr/wp-content/uploads/2024/12/1654-001-drawing.jpg",""
"downloaded","prod_2115_1654-002-drawing.jpg","https://lufly.tr/wp-content/uploads/2024/12/1654-002-drawing.jpg",""
"downloaded","prod_2122_1654-003-Drawing.jpg","https://lufly.tr/wp-content/uploads/2024/12/1654-003-Drawing.jpg",""
"downloaded","prod_2128_1654-004-Drawing.jpg","https://lufly.tr/wp-content/uploads/2024/12/1654-004-Drawing.jpg",""
"downloaded","prod_2135_1654-005-Drawing.jpg","https://lufly.tr/wp-content/uploads/2024/12/1654-005-Drawing.jpg",""
"downloaded","prod_2142_1654-006-Drawing.jpg","https://lufly.tr/wp-content/uploads/2024/12/1654-006-Drawing.jpg",""
"downloaded","prod_2147_1654-007-Drawing.jpg","https://lufly.tr/wp-content/uploads/2024/12/1654-007-Drawing.jpg",""
"downloaded","prod_2151_1654-008-Drawing.jpg","https://lufly.tr/wp-content/uploads/2024/12/1654-008-Drawing.jpg",""
"downloaded","prod_2157_1654-009-Drawing.jpg","https://lufly.tr/wp-content/uploads/2024/12/1654-009-Drawing.jpg",""
"downloaded","prod_2162_1654-0010-Drawing.jpg","https://lufly.tr/wp-content/uploads/2024/12/1654-0010-Drawing.jpg",""
"downloaded","prod_2167_1654-0011-Drawing.jpg","https://lufly.tr/wp-content/uploads/2024/12/1654-0011-Drawing.jpg",""
"downloaded","prod_2172_1654-0012-Drawing.jpg","https://lufly.tr/wp-content/uploads/2024/12/1654-0012-Drawing.jpg",""
"downloaded","prod_2179_1654-0013-Drawing.jpg","https://lufly.tr/wp-content/uploads/2024/12/1654-0013-Drawing.jpg",""
"downloaded","prod_2184_1654-0014-Drawing.jpg","https://lufly.tr/wp-content/uploads/2024/12/1654-0014-Drawing.jpg",""
"downloaded","prod_2189_1623-001-Drawing.jpg","https://lufly.tr/wp-content/uploads/2024/12/1623-001-Drawing.jpg",""
"downloaded","prod_2194_1623-002-Drawing.jpg","https://lufly.tr/wp-content/uploads/2024/12/1623-002-Drawing.jpg",""
"downloaded","prod_2213_hand-dryer.jpeg","https://lufly.tr/wp-content/uploads/2025/06/hand-dryer.jpeg",""
"downloaded","prod_2223_Screenshot-2025-06-16-124921.png","https://lufly.tr/wp-content/uploads/2025/06/Screenshot-2025-06-16-124921.png",""
"downloaded","prod_2241_1501_1-scaled.jpg","https://lufly.tr/wp-content/uploads/2025/08/1501_1-scaled.jpg",""
"downloaded","prod_2245_1501H_1-scaled.jpg","https://lufly.tr/wp-content/uploads/2025/08/1501H_1-scaled.jpg",""
"downloaded","prod_2249_1652-scaled.jpg","https://lufly.tr/wp-content/uploads/2025/08/1652-scaled.jpg",""
"downloaded","prod_2262_1503.png","https://lufly.tr/wp-content/uploads/2025/08/1503.png",""
"downloaded","prod_2264_1651_1-scaled.jpg","https://lufly.tr/wp-content/uploads/2025/08/1651_1-scaled.jpg",""
"downloaded","prod_2266_1651H-scaled.jpg","https://lufly.tr/wp-content/uploads/2025/08/1651H-scaled.jpg",""
"downloaded","prod_2268_1653_1-scaled.jpg","https://lufly.tr/wp-content/uploads/2025/08/1653_1-scaled.jpg",""
"downloaded","prod_2270_1654_1-scaled.jpg","https://lufly.tr/wp-content/uploads/2025/08/1654_1-scaled.jpg",""
"downloaded","prod_2273_1659_1-scaled.jpg","https://lufly.tr/wp-content/uploads/2025/08/1659_1-scaled.jpg",""
"downloaded","prod_2277_4311-2_1-scaled.jpg","https://lufly.tr/wp-content/uploads/2025/08/4311-2_1-scaled.jpg",""
"downloaded","prod_2281_4311-2_1-scaled.jpg","https://lufly.tr/wp-content/uploads/2025/08/4311-2_1-scaled.jpg",""
"downloaded","prod_2284_4311-2H_1-scaled.jpg","https://lufly.tr/wp-content/uploads/2025/08/4311-2H_1-scaled.jpg",""
"downloaded","prod_2290_4311-2H_1-scaled.jpg","https://lufly.tr/wp-content/uploads/2025/08/4311-2H_1-scaled.jpg",""
"downloaded","prod_2313_Image_20251010190212.jpg","https://lufly.tr/wp-content/uploads/2025/10/Image_20251010190212.jpg",""
"downloaded","prod_2313_Image_20251010190236.png","https://lufly.tr/wp-content/uploads/2025/10/Image_20251010190236.png",""
"downloaded","prod_2317_Image_20251010190212.jpg","https://lufly.tr/wp-content/uploads/2025/10/Image_20251010190212.jpg",""
"downloaded","prod_2320_Image_20250702134810.png","https://lufly.tr/wp-content/uploads/2025/10/Image_20250702134810.png",""
"downloaded","prod_2324_Image_20250702134810-1.png","https://lufly.tr/wp-content/uploads/2025/10/Image_20250702134810-1.png",""
"downloaded","prod_2328_Image_20250702134810-1.png","https://lufly.tr/wp-content/uploads/2025/10/Image_20250702134810-1.png",""
"downloaded","prod_2332_Image_20250702134756.png","https://lufly.tr/wp-content/uploads/2025/10/Image_20250702134756.png",""
"downloaded","prod_2336_Image_20250702134756.png","https://lufly.tr/wp-content/uploads/2025/10/Image_20250702134756.png",""
"downloaded","prod_2340_Image_20250702134756.png","https://lufly.tr/wp-content/uploads/2025/10/Image_20250702134756.png",""
"downloaded","prod_2342_Image_20250702134751.png","https://lufly.tr/wp-content/uploads/2025/10/Image_20250702134751.png",""
"downloaded","prod_2348_Image_20250702134751.png","https://lufly.tr/wp-content/uploads/2025/10/Image_20250702134751.png",""
"downloaded","prod_2350_Image_20250702134751.png","https://lufly.tr/wp-content/uploads/2025/10/Image_20250702134751.png",""
"downloaded","prod_2352_Image_20250702134746.png","https://lufly.tr/wp-content/uploads/2025/10/Image_20250702134746.png",""
"downloaded","prod_2358_Image_20250702134746.png","https://lufly.tr/wp-content/uploads/2025/10/Image_20250702134746.png",""
"downloaded","prod_2361_Image_20250702134746.png","https://lufly.tr/wp-content/uploads/2025/10/Image_20250702134746.png",""
"downloaded","prod_2363_Image_20251011125146.png","https://lufly.tr/wp-content/uploads/2025/10/Image_20251011125146.png",""
"downloaded","prod_2369_Image_20251011125146.png","https://lufly.tr/wp-content/uploads/2025/10/Image_20251011125146.png",""
"downloaded","prod_2371_Image_20251011125146.png","https://lufly.tr/wp-content/uploads/2025/10/Image_20251011125146.png",""
"downloaded","prod_2374_Image_20250702134722.png","https://lufly.tr/wp-content/uploads/2025/10/Image_20250702134722.png",""
"downloaded","prod_2384_Image_20250702134722.png","https://lufly.tr/wp-content/uploads/2025/10/Image_20250702134722.png",""
"downloaded","prod_2386_Image_20250702134722.png","https://lufly.tr/wp-content/uploads/2025/10/Image_20250702134722.png",""
"downloaded","prod_2389_Image_20250702134717.png","https://lufly.tr/wp-content/uploads/2025/10/Image_20250702134717.png",""
"downloaded","prod_2391_Image_20250702134717.png","https://lufly.tr/wp-content/uploads/2025/10/Image_20250702134717.png",""
"downloaded","prod_2393_Image_20250702134717.png","https://lufly.tr/wp-content/uploads/2025/10/Image_20250702134717.png",""
"downloaded","prod_2395_Image_20250702134707.png","https://lufly.tr/wp-content/uploads/2025/10/Image_20250702134707.png",""
"downloaded","prod_2405_Image_20250702134707.png","https://lufly.tr/wp-content/uploads/2025/10/Image_20250702134707.png",""
"downloaded","prod_2407_Image_20250702134707.png","https://lufly.tr/wp-content/uploads/2025/10/Image_20250702134707.png",""
"downloaded","prod_2411_Screenshot-2025-06-15-153331.png","https://lufly.tr/wp-content/uploads/2025/10/Screenshot-2025-06-15-153331.png",""
"downloaded","prod_2415_Screenshot-2025-06-15-153652.png","https://lufly.tr/wp-content/uploads/2025/10/Screenshot-2025-06-15-153652.png",""
"downloaded","prod_2419_Screenshot-2025-06-15-153801.png","https://lufly.tr/wp-content/uploads/2025/10/Screenshot-2025-06-15-153801.png",""
"downloaded","prod_2425_Screenshot-2025-06-15-154217.png","https://lufly.tr/wp-content/uploads/2025/10/Screenshot-2025-06-15-154217.png",""
"downloaded","prod_2427_Screenshot-2025-06-15-154309.png","https://lufly.tr/wp-content/uploads/2025/10/Screenshot-2025-06-15-154309.png",""
"downloaded","prod_2433_Screenshot-2025-10-15-113042.png","https://lufly.tr/wp-content/uploads/2025/10/Screenshot-2025-10-15-113042.png",""
"downloaded","prod_2436_Screenshot-2025-10-15-113852.png","https://lufly.tr/wp-content/uploads/2025/10/Screenshot-2025-10-15-113852.png",""
"downloaded","prod_2440_Screenshot-2025-10-15-114141.png","https://lufly.tr/wp-content/uploads/2025/10/Screenshot-2025-10-15-114141.png",""
"downloaded","prod_2445_Screenshot-2025-10-15-114141.png","https://lufly.tr/wp-content/uploads/2025/10/Screenshot-2025-10-15-114141.png",""
"downloaded","prod_2448_Screenshot-2025-10-15-115029.png","https://lufly.tr/wp-content/uploads/2025/10/Screenshot-2025-10-15-115029.png",""
"downloaded","prod_2452_Screenshot-2025-10-15-114141.png","https://lufly.tr/wp-content/uploads/2025/10/Screenshot-2025-10-15-114141.png",""
"downloaded","prod_2460_Screenshot-2025-10-15-114141.png","https://lufly.tr/wp-content/uploads/2025/10/Screenshot-2025-10-15-114141.png",""
"downloaded","prod_2462_Screenshot-2025-10-15-114141.png","https://lufly.tr/wp-content/uploads/2025/10/Screenshot-2025-10-15-114141.png",""
"downloaded","prod_2467_Screenshot-2025-10-15-114141.png","https://lufly.tr/wp-content/uploads/2025/10/Screenshot-2025-10-15-114141.png",""
"downloaded","prod_2470_Screenshot-2025-10-15-113852.png","https://lufly.tr/wp-content/uploads/2025/10/Screenshot-2025-10-15-113852.png",""
"downloaded","prod_2472_Screenshot-2025-10-15-113852.png","https://lufly.tr/wp-content/uploads/2025/10/Screenshot-2025-10-15-113852.png",""
"downloaded","prod_2474_Screenshot-2025-10-15-113852.png","https://lufly.tr/wp-content/uploads/2025/10/Screenshot-2025-10-15-113852.png",""
"downloaded","prod_2478_Screenshot-2025-10-15-113852.png","https://lufly.tr/wp-content/uploads/2025/10/Screenshot-2025-10-15-113852.png",""
"downloaded","prod_2483_Image_20250702134643.png","https://lufly.tr/wp-content/uploads/2025/11/Image_20250702134643.png",""
"downloaded","prod_2501_Image_20250702134643.png","https://lufly.tr/wp-content/uploads/2025/11/Image_20250702134643.png",""
"downloaded","prod_2508_Image_20250702134643.png","https://lufly.tr/wp-content/uploads/2025/11/Image_20250702134643.png",""
"downloaded","prod_2510_Image_20250702134654.png","https://lufly.tr/wp-content/uploads/2025/11/Image_20250702134654.png",""
"downloaded","prod_2512_Image_20250702134654.png","https://lufly.tr/wp-content/uploads/2025/11/Image_20250702134654.png",""
"downloaded","prod_2514_Image_20250702134654.png","https://lufly.tr/wp-content/uploads/2025/11/Image_20250702134654.png",""
"downloaded","prod_2518_Image_20250702134649.png","https://lufly.tr/wp-content/uploads/2025/11/Image_20250702134649.png",""
"downloaded","prod_2521_Image_20250702134649.png","https://lufly.tr/wp-content/uploads/2025/11/Image_20250702134649.png",""
"downloaded","prod_2523_Image_20250702134649.png","https://lufly.tr/wp-content/uploads/2025/11/Image_20250702134649.png",""
"downloaded","prod_2527_Image_20250702134634.png","https://lufly.tr/wp-content/uploads/2025/11/Image_20250702134634.png",""
"downloaded","prod_2534_Image_20250702134634.png","https://lufly.tr/wp-content/uploads/2025/11/Image_20250702134634.png",""
"downloaded","prod_2536_Image_20250702134634.png","https://lufly.tr/wp-content/uploads/2025/11/Image_20250702134634.png",""
"downloaded","prod_2540_Image_20250702134627.png","https://lufly.tr/wp-content/uploads/2025/11/Image_20250702134627.png",""
"downloaded","prod_2552_Image_20250702134627.png","https://lufly.tr/wp-content/uploads/2025/11/Image_20250702134627.png",""
"downloaded","prod_2554_Image_20250702134627.png","https://lufly.tr/wp-content/uploads/2025/11/Image_20250702134627.png",""
"downloaded","prod_2556_Image_20250702134621.png","https://lufly.tr/wp-content/uploads/2025/11/Image_20250702134621.png",""
"downloaded","prod_2559_Image_20250702134621.png","https://lufly.tr/wp-content/uploads/2025/11/Image_20250702134621.png",""
"downloaded","prod_2561_Image_20250702134621.png","https://lufly.tr/wp-content/uploads/2025/11/Image_20250702134621.png",""
"downloaded","prod_2563_Image_20250702134615.png","https://lufly.tr/wp-content/uploads/2025/11/Image_20250702134615.png",""
"downloaded","prod_2565_Image_20250702134615.png","https://lufly.tr/wp-content/uploads/2025/11/Image_20250702134615.png",""
"downloaded","prod_2570_Screenshot-2025-12-02-162219.png","https://lufly.tr/wp-content/uploads/2025/12/Screenshot-2025-12-02-162219.png",""
"downloaded","prod_2583_Screenshot-2025-12-02-162139.png","https://lufly.tr/wp-content/uploads/2025/12/Screenshot-2025-12-02-162139.png",""
"downloaded","prod_2586_Screenshot-2025-12-02-162054.png","https://lufly.tr/wp-content/uploads/2025/12/Screenshot-2025-12-02-162054.png",""
"downloaded","prod_2588_Screenshot-2025-12-02-162256.png","https://lufly.tr/wp-content/uploads/2025/12/Screenshot-2025-12-02-162256.png",""
"downloaded","prod_2590_Screenshot-2025-12-02-162417.png","https://lufly.tr/wp-content/uploads/2025/12/Screenshot-2025-12-02-162417.png",""
"downloaded","prod_2600_Screenshot-2025-12-02-162343.png","https://lufly.tr/wp-content/uploads/2025/12/Screenshot-2025-12-02-162343.png",""
"downloaded","prod_2602_Screenshot-2025-12-02-162024.png","https://lufly.tr/wp-content/uploads/2025/12/Screenshot-2025-12-02-162024.png",""
"downloaded","prod_2606_Screenshot-2025-12-02-162531.png","https://lufly.tr/wp-content/uploads/2025/12/Screenshot-2025-12-02-162531.png",""
"downloaded","prod_2608_Screenshot-2025-12-02-162509.png","https://lufly.tr/wp-content/uploads/2025/12/Screenshot-2025-12-02-162509.png",""
"downloaded","prod_2610_Screenshot-2025-12-02-162447.png","https://lufly.tr/wp-content/uploads/2025/12/Screenshot-2025-12-02-162447.png",""
"downloaded","prod_2613_Screenshot-2025-12-02-161923.png","https://lufly.tr/wp-content/uploads/2025/12/Screenshot-2025-12-02-161923.png",""
"downloaded","prod_2623_Screenshot-2025-12-02-161538.png","https://lufly.tr/wp-content/uploads/2025/12/Screenshot-2025-12-02-161538.png",""
"downloaded","prod_2625_Screenshot-2025-12-02-161726.png","https://lufly.tr/wp-content/uploads/2025/12/Screenshot-2025-12-02-161726.png",""
"downloaded","prod_2627_Screenshot-2025-12-02-161821-1.png","https://lufly.tr/wp-content/uploads/2025/12/Screenshot-2025-12-02-161821-1.png",""
"downloaded","prod_2637_Screenshot-2025-12-22-151442.png","https://lufly.tr/wp-content/uploads/2025/12/Screenshot-2025-12-22-151442.png",""
"downloaded","prod_2641_Screenshot-2025-12-22-151747.png","https://lufly.tr/wp-content/uploads/2025/12/Screenshot-2025-12-22-151747.png",""
"downloaded","prod_2649_Screenshot-2025-12-23-070531.png","https://lufly.tr/wp-content/uploads/2025/12/Screenshot-2025-12-23-070531.png",""
"downloaded","prod_2655_Screenshot-2025-12-23-071710.png","https://lufly.tr/wp-content/uploads/2025/12/Screenshot-2025-12-23-071710.png",""
"downloaded","prod_2659_Screenshot-2025-12-23-072509.png","https://lufly.tr/wp-content/uploads/2025/12/Screenshot-2025-12-23-072509.png",""
"downloaded","prod_2664_Screenshot-2025-12-23-072951.png","https://lufly.tr/wp-content/uploads/2025/12/Screenshot-2025-12-23-072951.png",""
"downloaded","prod_2670_Screenshot-2025-12-24-072409.png","https://lufly.tr/wp-content/uploads/2025/12/Screenshot-2025-12-24-072409.png",""
"downloaded","prod_2674_Screenshot-2025-12-24-072835.png","https://lufly.tr/wp-content/uploads/2025/12/Screenshot-2025-12-24-072835.png",""
"downloaded","prod_2678_Screenshot-2025-12-24-073148.png","https://lufly.tr/wp-content/uploads/2025/12/Screenshot-2025-12-24-073148.png",""
"downloaded","prod_2682_Screenshot-2025-12-24-074034.png","https://lufly.tr/wp-content/uploads/2025/12/Screenshot-2025-12-24-074034.png",""
"downloaded","prod_2686_Screenshot-2025-12-24-074334.png","https://lufly.tr/wp-content/uploads/2025/12/Screenshot-2025-12-24-074334.png",""
"downloaded","prod_2690_Screenshot-2025-12-24-074618.png","https://lufly.tr/wp-content/uploads/2025/12/Screenshot-2025-12-24-074618.png",""
"downloaded","prod_2694_Screenshot-2025-12-24-074953.png","https://lufly.tr/wp-content/uploads/2025/12/Screenshot-2025-12-24-074953.png",""
"downloaded","prod_2716_Screenshot-2026-07-16-140038.png","https://lufly.tr/wp-content/uploads/2026/07/Screenshot-2026-07-16-140038.png",""
"downloaded","prod_2720_Screenshot-2026-07-16-140038.png","https://lufly.tr/wp-content/uploads/2026/07/Screenshot-2026-07-16-140038.png",""
"downloaded","prod_2723_Screenshot-2026-07-16-140038.png","https://lufly.tr/wp-content/uploads/2026/07/Screenshot-2026-07-16-140038.png",""
"downloaded","prod_2726_Screenshot-2026-07-16-141328.png","https://lufly.tr/wp-content/uploads/2026/07/Screenshot-2026-07-16-141328.png",""
"downloaded","prod_2730_Screenshot-2026-07-16-141328.png","https://lufly.tr/wp-content/uploads/2026/07/Screenshot-2026-07-16-141328.png",""
"downloaded","prod_2733_Screenshot-2026-07-16-141328.png","https://lufly.tr/wp-content/uploads/2026/07/Screenshot-2026-07-16-141328.png",""
"downloaded","prod_2736_Screenshot-2026-07-16-142200.png","https://lufly.tr/wp-content/uploads/2026/07/Screenshot-2026-07-16-142200.png",""
"downloaded","prod_2740_Screenshot-2026-07-16-142200.png","https://lufly.tr/wp-content/uploads/2026/07/Screenshot-2026-07-16-142200.png",""
"downloaded","prod_2743_Screenshot-2026-07-16-142200.png","https://lufly.tr/wp-content/uploads/2026/07/Screenshot-2026-07-16-142200.png",""
"downloaded","prod_2746_Screenshot-2026-07-16-142200.png","https://lufly.tr/wp-content/uploads/2026/07/Screenshot-2026-07-16-142200.png",""
"downloaded","prod_2749_Screenshot-2026-07-16-142200.png","https://lufly.tr/wp-content/uploads/2026/07/Screenshot-2026-07-16-142200.png",""
"downloaded","prod_2752_Screenshot-2026-07-16-143435.png","https://lufly.tr/wp-content/uploads/2026/07/Screenshot-2026-07-16-143435.png",""
"downloaded","prod_2756_Screenshot-2026-07-16-143435.png","https://lufly.tr/wp-content/uploads/2026/07/Screenshot-2026-07-16-143435.png",""
"downloaded","prod_2759_Screenshot-2026-07-16-143435.png","https://lufly.tr/wp-content/uploads/2026/07/Screenshot-2026-07-16-143435.png",""
"downloaded","prod_2762_Screenshot-2026-07-16-143435.png","https://lufly.tr/wp-content/uploads/2026/07/Screenshot-2026-07-16-143435.png",""
"downloaded","prod_2765_Screenshot-2026-07-16-143435.png","https://lufly.tr/wp-content/uploads/2026/07/Screenshot-2026-07-16-143435.png",""
"downloaded","prod_2768_Screenshot-2026-07-16-144953.png","https://lufly.tr/wp-content/uploads/2026/07/Screenshot-2026-07-16-144953.png",""
"downloaded","prod_2772_Screenshot-2026-07-16-144953.png","https://lufly.tr/wp-content/uploads/2026/07/Screenshot-2026-07-16-144953.png",""
"downloaded","prod_2775_Screenshot-2026-07-16-144953.png","https://lufly.tr/wp-content/uploads/2026/07/Screenshot-2026-07-16-144953.png",""
"downloaded","prod_2778_Screenshot-2026-07-16-145725.png","https://lufly.tr/wp-content/uploads/2026/07/Screenshot-2026-07-16-145725.png",""
"downloaded","prod_2782_Screenshot-2026-07-16-145725.png","https://lufly.tr/wp-content/uploads/2026/07/Screenshot-2026-07-16-145725.png",""
"downloaded","prod_2785_Screenshot-2026-07-16-150220.png","https://lufly.tr/wp-content/uploads/2026/07/Screenshot-2026-07-16-150220.png",""
"downloaded","prod_2789_Screenshot-2026-07-16-150220.png","https://lufly.tr/wp-content/uploads/2026/07/Screenshot-2026-07-16-150220.png",""
"downloaded","prod_2792_Screenshot-2026-07-16-150220.png","https://lufly.tr/wp-content/uploads/2026/07/Screenshot-2026-07-16-150220.png",""
"downloaded","prod_2795_Screenshot-2026-07-16-150220.png","https://lufly.tr/wp-content/uploads/2026/07/Screenshot-2026-07-16-150220.png",""
"downloaded","prod_2798_Screenshot-2026-07-16-150220.png","https://lufly.tr/wp-content/uploads/2026/07/Screenshot-2026-07-16-150220.png",""
"downloaded","prod_2801_Screenshot-2026-07-16-151641.png","https://lufly.tr/wp-content/uploads/2026/07/Screenshot-2026-07-16-151641.png",""
"downloaded","prod_2805_Screenshot-2026-07-16-151641.png","https://lufly.tr/wp-content/uploads/2026/07/Screenshot-2026-07-16-151641.png",""
"downloaded","prod_2808_Screenshot-2026-07-16-151641.png","https://lufly.tr/wp-content/uploads/2026/07/Screenshot-2026-07-16-151641.png",""
"downloaded","prod_2814_Screenshot-2026-07-16-153128.png","https://lufly.tr/wp-content/uploads/2026/07/Screenshot-2026-07-16-153128.png",""
"downloaded","prod_2818_Screenshot-2026-07-16-153326.png","https://lufly.tr/wp-content/uploads/2026/07/Screenshot-2026-07-16-153326.png",""
"downloaded","prod_2822_Screenshot-2026-07-16-153547.png","https://lufly.tr/wp-content/uploads/2026/07/Screenshot-2026-07-16-153547.png",""
"downloaded","prod_2826_Screenshot-2026-07-16-153817.png","https://lufly.tr/wp-content/uploads/2026/07/Screenshot-2026-07-16-153817.png",""
"downloaded","prod_2830_Screenshot-2026-07-16-154043.png","https://lufly.tr/wp-content/uploads/2026/07/Screenshot-2026-07-16-154043.png",""
"downloaded","prod_2834_Screenshot-2026-07-16-154256.png","https://lufly.tr/wp-content/uploads/2026/07/Screenshot-2026-07-16-154256.png",""
"downloaded","prod_2838_Screenshot-2026-07-16-154541.png","https://lufly.tr/wp-content/uploads/2026/07/Screenshot-2026-07-16-154541.png",""
"downloaded","prod_2842_Screenshot-2026-07-16-154854.png","https://lufly.tr/wp-content/uploads/2026/07/Screenshot-2026-07-16-154854.png",""
"downloaded","prod_2846_Screenshot-2026-07-16-155208.png","https://lufly.tr/wp-content/uploads/2026/07/Screenshot-2026-07-16-155208.png",""
"downloaded","prod_2853_Screenshot-2026-07-17-162929.png","https://lufly.tr/wp-content/uploads/2026/07/Screenshot-2026-07-17-162929.png",""
"downloaded","prod_2853_Screenshot-2026-07-17-163037.png","https://lufly.tr/wp-content/uploads/2026/07/Screenshot-2026-07-17-163037.png",""
"downloaded","prod_2858_Screenshot-2026-07-17-163037.png","https://lufly.tr/wp-content/uploads/2026/07/Screenshot-2026-07-17-163037.png",""
"downloaded","prod_2861_Screenshot-2026-07-17-163509.png","https://lufly.tr/wp-content/uploads/2026/07/Screenshot-2026-07-17-163509.png",""
"downloaded","prod_2861_Screenshot-2026-07-17-163540.png","https://lufly.tr/wp-content/uploads/2026/07/Screenshot-2026-07-17-163540.png",""
"downloaded","prod_2866_Screenshot-2026-07-17-163914.png","https://lufly.tr/wp-content/uploads/2026/07/Screenshot-2026-07-17-163914.png",""
"downloaded","prod_2870_Screenshot-2026-07-17-163914.png","https://lufly.tr/wp-content/uploads/2026/07/Screenshot-2026-07-17-163914.png",""
"downloaded","prod_2873_Screenshot-2026-07-17-163914.png","https://lufly.tr/wp-content/uploads/2026/07/Screenshot-2026-07-17-163914.png",""
"downloaded","prod_2876_Screenshot-2026-07-17-164614.png","https://lufly.tr/wp-content/uploads/2026/07/Screenshot-2026-07-17-164614.png",""
"downloaded","prod_2880_Screenshot-2026-07-17-164830.png","https://lufly.tr/wp-content/uploads/2026/07/Screenshot-2026-07-17-164830.png",""
"downloaded","prod_2884_Screenshot-2026-07-17-165112.png","https://lufly.tr/wp-content/uploads/2026/07/Screenshot-2026-07-17-165112.png",""
"downloaded","prod_2888_Screenshot-2026-07-17-165435.png","https://lufly.tr/wp-content/uploads/2026/07/Screenshot-2026-07-17-165435.png",""
"downloaded","prod_2893_Screenshot-2026-07-17-165732.png","https://lufly.tr/wp-content/uploads/2026/07/Screenshot-2026-07-17-165732.png",""
"downloaded","prod_2897_Screenshot-2026-07-17-165732.png","https://lufly.tr/wp-content/uploads/2026/07/Screenshot-2026-07-17-165732.png",""
"downloaded","prod_2900_Screenshot-2026-07-17-170118.png","https://lufly.tr/wp-content/uploads/2026/07/Screenshot-2026-07-17-170118.png",""
"downloaded","prod_2908_Screenshot-2026-07-22-162655.png","https://lufly.tr/wp-content/uploads/2026/07/Screenshot-2026-07-22-162655.png",""
"downloaded","prod_2912_Screenshot-2026-07-22-162920.png","https://lufly.tr/wp-content/uploads/2026/07/Screenshot-2026-07-22-162920.png",""
"downloaded","prod_2916_Screenshot-2026-07-22-163220.png","https://lufly.tr/wp-content/uploads/2026/07/Screenshot-2026-07-22-163220.png",""
"downloaded","prod_2920_Screenshot-2026-07-22-163501.png","https://lufly.tr/wp-content/uploads/2026/07/Screenshot-2026-07-22-163501.png",""
"downloaded","prod_2924_Screenshot-2026-07-22-163501.png","https://lufly.tr/wp-content/uploads/2026/07/Screenshot-2026-07-22-163501.png",""
"downloaded","prod_2927_Screenshot-2026-07-22-163905.png","https://lufly.tr/wp-content/uploads/2026/07/Screenshot-2026-07-22-163905.png",""
"downloaded","prod_2931_Screenshot-2026-07-22-164130.png","https://lufly.tr/wp-content/uploads/2026/07/Screenshot-2026-07-22-164130.png",""
"downloaded","prod_2935_Screenshot-2026-07-22-164321.png","https://lufly.tr/wp-content/uploads/2026/07/Screenshot-2026-07-22-164321.png",""
"downloaded","prod_2939_Screenshot-2026-07-22-164540.png","https://lufly.tr/wp-content/uploads/2026/07/Screenshot-2026-07-22-164540.png",""
"downloaded","prod_2943_Screenshot-2026-07-22-165157.png","https://lufly.tr/wp-content/uploads/2026/07/Screenshot-2026-07-22-165157.png",""
"downloaded","prod_2947_Screenshot-2026-07-22-165653.png","https://lufly.tr/wp-content/uploads/2026/07/Screenshot-2026-07-22-165653.png",""
"downloaded","prod_2952_Screenshot-2026-07-22-170303.png","https://lufly.tr/wp-content/uploads/2026/07/Screenshot-2026-07-22-170303.png",""
"downloaded","prod_2956_Screenshot-2026-07-22-170510.png","https://lufly.tr/wp-content/uploads/2026/07/Screenshot-2026-07-22-170510.png",""
"downloaded","prod_2961_Screenshot-2026-07-22-170931.png","https://lufly.tr/wp-content/uploads/2026/07/Screenshot-2026-07-22-170931.png",""
"downloaded","prod_2965_Screenshot-2026-07-22-171134.png","https://lufly.tr/wp-content/uploads/2026/07/Screenshot-2026-07-22-171134.png",""
"downloaded","prod_2976_Screenshot-2026-07-22-171737.png","https://lufly.tr/wp-content/uploads/2026/07/Screenshot-2026-07-22-171737.png",""
"downloaded","prod_2976_Screenshot-2026-07-22-171713.png","https://lufly.tr/wp-content/uploads/2026/07/Screenshot-2026-07-22-171713.png",""
"downloaded","prod_2981_Screenshot-2026-07-22-172001.png","https://lufly.tr/wp-content/uploads/2026/07/Screenshot-2026-07-22-172001.png",""
"downloaded","prod_2985_Screenshot-2026-07-22-172200.png","https://lufly.tr/wp-content/uploads/2026/07/Screenshot-2026-07-22-172200.png",""
"downloaded","prod_2989_Screenshot-2026-07-22-172355.png","https://lufly.tr/wp-content/uploads/2026/07/Screenshot-2026-07-22-172355.png",""
"downloaded","prod_2993_Screenshot-2026-07-22-172630.png","https://lufly.tr/wp-content/uploads/2026/07/Screenshot-2026-07-22-172630.png",""
"downloaded","prod_2997_Screenshot-2026-07-22-172845.png","https://lufly.tr/wp-content/uploads/2026/07/Screenshot-2026-07-22-172845.png",""
"downloaded","prod_3001_Screenshot-2026-07-22-173040.png","https://lufly.tr/wp-content/uploads/2026/07/Screenshot-2026-07-22-173040.png",""
"downloaded","prod_3005_Screenshot-2026-07-22-173304.png","https://lufly.tr/wp-content/uploads/2026/07/Screenshot-2026-07-22-173304.png",""
"downloaded","prod_3009_Screenshot-2026-07-22-173514.png","https://lufly.tr/wp-content/uploads/2026/07/Screenshot-2026-07-22-173514.png",""
"downloaded","prod_3013_Screenshot-2026-07-22-173720.png","https://lufly.tr/wp-content/uploads/2026/07/Screenshot-2026-07-22-173720.png",""
"downloaded","prod_3017_Screenshot-2026-07-22-173936.png","https://lufly.tr/wp-content/uploads/2026/07/Screenshot-2026-07-22-173936.png",""
"downloaded","prod_3022_Screenshot-2026-07-22-174129.png","https://lufly.tr/wp-content/uploads/2026/07/Screenshot-2026-07-22-174129.png",""
"downloaded","prod_3026_Screenshot-2026-07-22-174343.png","https://lufly.tr/wp-content/uploads/2026/07/Screenshot-2026-07-22-174343.png",""
"downloaded","prod_3030_Screenshot-2026-07-22-174536.png","https://lufly.tr/wp-content/uploads/2026/07/Screenshot-2026-07-22-174536.png",""
"downloaded","prod_3034_Screenshot-2026-07-22-174809.png","https://lufly.tr/wp-content/uploads/2026/07/Screenshot-2026-07-22-174809.png",""
"downloaded","prod_3038_Screenshot-2026-07-22-175001.png","https://lufly.tr/wp-content/uploads/2026/07/Screenshot-2026-07-22-175001.png",""
"downloaded","prod_3042_Screenshot-2026-07-22-175158.png","https://lufly.tr/wp-content/uploads/2026/07/Screenshot-2026-07-22-175158.png",""
"downloaded","prod_3046_Screenshot-2026-07-22-175440.png","https://lufly.tr/wp-content/uploads/2026/07/Screenshot-2026-07-22-175440.png",""
"downloaded","prod_3046_Screenshot-2026-07-22-175401.png","https://lufly.tr/wp-content/uploads/2026/07/Screenshot-2026-07-22-175401.png",""
"downloaded","prod_3046_Screenshot-2026-07-22-175422.png","https://lufly.tr/wp-content/uploads/2026/07/Screenshot-2026-07-22-175422.png",""
"downloaded","prod_3052_Screenshot-2026-07-22-175723.png","https://lufly.tr/wp-content/uploads/2026/07/Screenshot-2026-07-22-175723.png",""
"downloaded","prod_3056_Screenshot-2026-07-22-175852.png","https://lufly.tr/wp-content/uploads/2026/07/Screenshot-2026-07-22-175852.png",""
"downloaded","prod_3060_Screenshot-2026-07-22-180137.png","https://lufly.tr/wp-content/uploads/2026/07/Screenshot-2026-07-22-180137.png",""
"downloaded","prod_3060_Screenshot-2026-07-22-180154.png","https://lufly.tr/wp-content/uploads/2026/07/Screenshot-2026-07-22-180154.png",""
"downloaded","prod_3060_Screenshot-2026-07-22-180211.png","https://lufly.tr/wp-content/uploads/2026/07/Screenshot-2026-07-22-180211.png",""
"downloaded","prod_3066_Screenshot-2026-07-22-180415.png","https://lufly.tr/wp-content/uploads/2026/07/Screenshot-2026-07-22-180415.png",""
"downloaded","prod_3066_Screenshot-2026-07-22-180432.png","https://lufly.tr/wp-content/uploads/2026/07/Screenshot-2026-07-22-180432.png",""
"downloaded","prod_3071_Screenshot-2026-07-22-180631.png","https://lufly.tr/wp-content/uploads/2026/07/Screenshot-2026-07-22-180631.png",""
"downloaded","prod_3071_Screenshot-2026-07-22-180646.png","https://lufly.tr/wp-content/uploads/2026/07/Screenshot-2026-07-22-180646.png",""
"downloaded","prod_3076_Screenshot-2026-07-22-180905.png","https://lufly.tr/wp-content/uploads/2026/07/Screenshot-2026-07-22-180905.png",""
"downloaded","prod_3091_Screenshot-2026-08-05-120735.png","https://lufly.tr/wp-content/uploads/2026/08/Screenshot-2026-08-05-120735.png",""
"downloaded","prod_3098_Screenshot-2026-08-05-120735.png","https://lufly.tr/wp-content/uploads/2026/08/Screenshot-2026-08-05-120735.png",""
"downloaded","prod_3100_Screenshot-2026-08-05-120735.png","https://lufly.tr/wp-content/uploads/2026/08/Screenshot-2026-08-05-120735.png",""
"downloaded","prod_3103_Screenshot-2026-08-05-120735.png","https://lufly.tr/wp-content/uploads/2026/08/Screenshot-2026-08-05-120735.png",""
"downloaded","prod_3106_Screenshot-2026-08-05-124414.png","https://lufly.tr/wp-content/uploads/2026/08/Screenshot-2026-08-05-124414.png",""
"downloaded","prod_3111_Screenshot-2026-08-05-124414.png","https://lufly.tr/wp-content/uploads/2026/08/Screenshot-2026-08-05-124414.png",""
"downloaded","prod_3114_Screenshot-2026-08-05-124414.png","https://lufly.tr/wp-content/uploads/2026/08/Screenshot-2026-08-05-124414.png",""
"downloaded","prod_3117_Screenshot-2026-08-05-124414.png","https://lufly.tr/wp-content/uploads/2026/08/Screenshot-2026-08-05-124414.png",""
"downloaded","prod_3120_Screenshot-2026-08-05-140320.png","https://lufly.tr/wp-content/uploads/2026/08/Screenshot-2026-08-05-140320.png",""
"downloaded","prod_3124_Screenshot-2026-08-05-140320.png","https://lufly.tr/wp-content/uploads/2026/08/Screenshot-2026-08-05-140320.png",""
"downloaded","prod_3127_Screenshot-2026-08-05-140320.png","https://lufly.tr/wp-content/uploads/2026/08/Screenshot-2026-08-05-140320.png",""
"downloaded","prod_3130_Screenshot-2026-08-05-140320.png","https://lufly.tr/wp-content/uploads/2026/08/Screenshot-2026-08-05-140320.png",""
"downloaded","prod_3133_Screenshot-2026-08-05-141741.png","https://lufly.tr/wp-content/uploads/2026/08/Screenshot-2026-08-05-141741.png",""
"downloaded","prod_3137_Screenshot-2026-08-05-141741.png","https://lufly.tr/wp-content/uploads/2026/08/Screenshot-2026-08-05-141741.png",""
"downloaded","prod_3140_Screenshot-2026-08-05-141741.png","https://lufly.tr/wp-content/uploads/2026/08/Screenshot-2026-08-05-141741.png",""
"downloaded","prod_3143_Screenshot-2026-08-05-141741.png","https://lufly.tr/wp-content/uploads/2026/08/Screenshot-2026-08-05-141741.png",""
"downloaded","prod_3147_Screenshot-2026-08-05-142619.png","https://lufly.tr/wp-content/uploads/2026/08/Screenshot-2026-08-05-142619.png",""
"downloaded","prod_3151_Screenshot-2026-08-05-142619.png","https://lufly.tr/wp-content/uploads/2026/08/Screenshot-2026-08-05-142619.png",""
"downloaded","prod_3154_Screenshot-2026-08-05-142619.png","https://lufly.tr/wp-content/uploads/2026/08/Screenshot-2026-08-05-142619.png",""
"downloaded","prod_3157_Screenshot-2026-08-05-142619.png","https://lufly.tr/wp-content/uploads/2026/08/Screenshot-2026-08-05-142619.png",""
"downloaded","prod_3160_Screenshot-2026-08-05-143202.png","https://lufly.tr/wp-content/uploads/2026/08/Screenshot-2026-08-05-143202.png",""
"downloaded","prod_3164_Screenshot-2026-08-05-143202.png","https://lufly.tr/wp-content/uploads/2026/08/Screenshot-2026-08-05-143202.png",""
"downloaded","prod_3167_Screenshot-2026-08-05-143202.png","https://lufly.tr/wp-content/uploads/2026/08/Screenshot-2026-08-05-143202.png",""
"downloaded","prod_3170_Screenshot-2026-08-05-143202.png","https://lufly.tr/wp-content/uploads/2026/08/Screenshot-2026-08-05-143202.png",""
"downloaded","prod_3189_Screenshot-2026-08-13-123621.png","https://lufly.tr/wp-content/uploads/2026/08/Screenshot-2026-08-13-123621.png",""
"downloaded","prod_3194_Screenshot-2026-08-13-124357.png","https://lufly.tr/wp-content/uploads/2026/08/Screenshot-2026-08-13-124357.png",""
"downloaded","prod_3198_Screenshot-2026-08-13-125800.png","https://lufly.tr/wp-content/uploads/2026/08/Screenshot-2026-08-13-125800.png",""
"downloaded","prod_3202_Screenshot-2026-08-13-130013.png","https://lufly.tr/wp-content/uploads/2026/08/Screenshot-2026-08-13-130013.png",""
"downloaded","prod_3208_Screenshot-2026-08-14-170958.png","https://lufly.tr/wp-content/uploads/2026/08/Screenshot-2026-08-14-170958.png",""
"downloaded","prod_3212_Screenshot-2026-08-14-171223.png","https://lufly.tr/wp-content/uploads/2026/08/Screenshot-2026-08-14-171223.png",""
"downloaded","prod_3216_Screenshot-2026-08-14-171517.png","https://lufly.tr/wp-content/uploads/2026/08/Screenshot-2026-08-14-171517.png",""
"downloaded","prod_3220_Screenshot-2026-08-14-171753.png","https://lufly.tr/wp-content/uploads/2026/08/Screenshot-2026-08-14-171753.png",""
"downloaded","prod_3262_Screenshot-2026-09-11-173928.png","https://lufly.tr/wp-content/uploads/2026/09/Screenshot-2026-09-11-173928.png",""
"downloaded","prod_3266_Screenshot-2026-09-11-174155.png","https://lufly.tr/wp-content/uploads/2026/09/Screenshot-2026-09-11-174155.png",""
"downloaded","prod_3270_Screenshot-2026-09-11-174652.png","https://lufly.tr/wp-content/uploads/2026/09/Screenshot-2026-09-11-174652.png",""
"downloaded","prod_3274_Screenshot-2026-09-11-174902.png","https://lufly.tr/wp-content/uploads/2026/09/Screenshot-2026-09-11-174902.png",""
"downloaded","prod_3278_Screenshot-2026-09-11-175146.png","https://lufly.tr/wp-content/uploads/2026/09/Screenshot-2026-09-11-175146.png",""
"downloaded","prod_3278_Screenshot-2026-09-11-175209.png","https://lufly.tr/wp-content/uploads/2026/09/Screenshot-2026-09-11-175209.png",""
